// Jest Snapshot v1, https://goo.gl/fbAQLP

exports[`rules exports configurations that refer to actual rules 1`] = `
{
  "all": {
    "parser": "@typescript-eslint/parser",
    "parserOptions": {
      "sourceType": "module",
    },
    "plugins": [
      "@ridedott",
    ],
    "rules": {
      "@ridedott/no-single-line-comment-block": "error",
      "@ridedott/no-template-literals-without-expression": "error",
    },
  },
  "recommended": {
    "parser": "@typescript-eslint/parser",
    "parserOptions": {
      "sourceType": "module",
    },
    "plugins": [
      "@ridedott",
    ],
    "rules": {
      "@ridedott/no-single-line-comment-block": "warn",
      "@ridedott/no-template-literals-without-expression": "warn",
    },
  },
}
`;
